// Jest Snapshot v1, https://goo.gl/fbAQLP

exports[`Counter 1`] = `
<div>
  <span
    class="MuiTypography-root MuiTypography-body1"
  >
    0
  </span>
  <button
    class="MuiButtonBase-root MuiButton-root MuiButton-text"
    tabindex="0"
    type="button"
  >
    <span
      class="MuiButton-label"
    >
      reset
    </span>
    <span
      class="MuiTouchRipple-root"
    />
  </button>
  <button
    class="MuiButtonBase-root MuiButton-root MuiButton-text"
    tabindex="0"
    type="button"
  >
    <span
      class="MuiButton-label"
    >
      +
    </span>
    <span
      class="MuiTouchRipple-root"
    />
  </button>
  <button
    class="MuiButtonBase-root MuiButton-root MuiButton-text"
    tabindex="0"
    type="button"
  >
    <span
      class="MuiButton-label"
    >
      -
    </span>
    <span
      class="MuiTouchRipple-root"
    />
  </button>
  <button
    class="MuiButtonBase-root MuiButton-root MuiButton-text"
    data-testid="incrementIfOddButton"
    tabindex="0"
    type="button"
  >
    <span
      class="MuiButton-label"
    >
      + if odd
    </span>
    <span
      class="MuiTouchRipple-root"
    />
  </button>
  <button
    class="MuiButtonBase-root MuiButton-root MuiButton-text"
    data-testid="incrementAsyncButton"
    tabindex="0"
    type="button"
  >
    <span
      class="MuiButton-label"
    >
      + in 1 second
    </span>
    <span
      class="MuiTouchRipple-root"
    />
  </button>
</div>
`;
