// Jest Snapshot v1, https://goo.gl/fbAQLP

exports[`Route with a lazy component 1`] = `
<span
  class="MuiCircularProgress-root MuiCircularProgress-indeterminate MuiCircularProgress-colorPrimary css-18lrjg1-MuiCircularProgress-root"
  role="progressbar"
  style="width: 40px; height: 40px;"
>
  <svg
    class="MuiCircularProgress-svg css-1idz92c-MuiCircularProgress-svg"
    viewBox="22 22 44 44"
  >
    <circle
      class="MuiCircularProgress-circle MuiCircularProgress-circleIndeterminate css-176wh8e-MuiCircularProgress-circle"
      cx="44"
      cy="44"
      fill="none"
      r="20.2"
      stroke-width="3.6"
    />
  </svg>
</span>
`;

exports[`Route with a lazy component 2`] = `lazy`;

exports[`Route with a non-lazy component 1`] = `non-lazy`;

exports[`Route with no component 1`] = `null`;
