// Jest Snapshot v1, https://goo.gl/fbAQLP

exports[`App with #fragment should redirect to the page whose path-abempty is the fragment when the path-abempty is "/" and the fragment does exist 1`] = `<div />`;
